// Jest Snapshot v1, https://goo.gl/fbAQLP

exports[`BpkNavigationButtonLink should render correctly 1`] = `
<DocumentFragment>
  <button
    class="bpk-link bpk-navigation-bar-button-link some-class"
    type="button"
  >
    Test
  </button>
</DocumentFragment>
`;
