// Jest Snapshot v1, https://goo.gl/fbAQLP

exports[`BpkThemeToggle should render correctly 1`] = `
<DocumentFragment>
  <div>
    <label
      class="bpk-label bpk-theme-toggle__label"
      for="theme-select"
    >
      Change theme
    </label>
    <select
      aria-invalid="false"
      class="bpk-select"
      id="theme-select"
      name="theme-select"
    >
      <option
        hidden=""
        value=""
      >
        Change theme
      </option>
      <option
        value="skyscanner"
      >
        None
      </option>
      <option
        value="London"
      >
        London
      </option>
      <option
        value="Hong Kong"
      >
        Hong Kong
      </option>
      <option
        value="Doha"
      >
        Doha
      </option>
    </select>
  </div>
</DocumentFragment>
`;
